=== 2026-09-26 15:59:57 smoke q=[pr=2&dur=10&warm=2] amStartTotalTime=563ms battTemp=320->331 thermal=0
{"phase":"native","webViewCreateMs":153,"webViewPkg":"153.0.8010.36"}
{"run":"smoke","phase":"loaded","cfg":{"run":"smoke","model":"sample.vrm","prCap":2,"aa":true,"alpha":false,"opt":true,"spring":true,"warm":3,"dur":30,"t0":1790413158744},"ua":"Mozilla/5.0 (Linux; Android 15; 2406APNFAG Build/AP3A.240905.015.A2; wv) AppleWebKit/537.36 (KHTML, like Gecko) Version/4.0 Chrome/153.0.8010.36 Mobile Safari/537.36","gpu":"Mali-G615 MC6","dpr":3.25,"pixelRatio":2,"canvas":[750,1668],"modelBytes":18379740,"ms":{"jsStart":207.2,"fetch":87.5,"parse":353.9,"optimise":41.7,"compileAndFirstFrame":964.5,"pageToFirstFrame":1778,"nativeToFirstFrame":1934.8},"model":{"meshes":18,"triangles":37114,"morphTargets":98,"textures":0,"maxTexture":0,"springJoints":132,"expressions":14},"heapMB":64.8}
{"log":"first frame 1778 ms after navigation start"}
{"run":"smoke","phase":"fps","seconds":30,"frames":3597,"avgFps":119.9,"low1Fps":79.9,"frameMs":{"p50":8.3,"p95":8.4,"p99":8.4,"max":16.7},"over33ms":0,"over50ms":0,"drawCalls":27,"trianglesDrawn":52894,"gpuGeometries":18,"gpuTextures":37,"heapMB":64.8,"springJoints":132}
meminfo app:  EGL mtrack 12794 12794 0 0 12794 | GL mtrack 247484 247484 0 0 247484 | Native Heap: 41056 43452| Graphics: 260278 260278| TOTAL PSS: 365527 TOTAL RSS: 539594 TOTAL SWAP PSS: 111|
meminfo renderer PSS kB: 21642:282555
=== 2026-09-26 16:01:01 default-1 q=[pr=2&dur=30] amStartTotalTime=349ms battTemp=331->332 thermal=0
{"phase":"native","webViewCreateMs":105,"webViewPkg":"153.0.8010.36"}
{"run":"default-1","phase":"loaded","cfg":{"run":"default-1","model":"sample.vrm","prCap":2,"aa":true,"alpha":false,"opt":true,"spring":true,"warm":3,"dur":30,"t0":1790413223652},"ua":"Mozilla/5.0 (Linux; Android 15; 2406APNFAG Build/AP3A.240905.015.A2; wv) AppleWebKit/537.36 (KHTML, like Gecko) Version/4.0 Chrome/153.0.8010.36 Mobile Safari/537.36","gpu":"Mali-G615 MC6","dpr":3.25,"pixelRatio":2,"canvas":[750,1668],"modelBytes":18379740,"ms":{"jsStart":205.7,"fetch":124.6,"parse":300.4,"optimise":31.3,"compileAndFirstFrame":396,"pageToFirstFrame":1122.8,"nativeToFirstFrame":1230.2},"model":{"meshes":18,"triangles":37114,"morphTargets":98,"textures":0,"maxTexture":0,"springJoints":132,"expressions":14},"heapMB":64.8}
{"log":"first frame 1122.8 ms after navigation start"}
{"run":"default-1","phase":"fps","seconds":30,"frames":3585,"avgFps":119.5,"low1Fps":65.5,"frameMs":{"p50":8.3,"p95":8.4,"p99":8.5,"max":24.9},"over33ms":0,"over50ms":0,"drawCalls":27,"trianglesDrawn":52894,"gpuGeometries":18,"gpuTextures":37,"heapMB":64.8,"springJoints":132}
meminfo app:  EGL mtrack 12794 12794 0 0 12794 | GL mtrack 248972 248972 0 0 248972 | Native Heap: 35308 37700| Graphics: 261766 261766| TOTAL PSS: 369460 TOTAL RSS: 546494 TOTAL SWAP PSS: 106|
meminfo renderer PSS kB: 22097:285827
=== 2026-09-26 16:01:42 native-1 q=[pr=0&dur=30] amStartTotalTime=405ms battTemp=332->338 thermal=0
{"phase":"native","webViewCreateMs":122,"webViewPkg":"153.0.8010.36"}
{"run":"native-1","phase":"loaded","cfg":{"run":"native-1","model":"sample.vrm","prCap":0,"aa":true,"alpha":false,"opt":true,"spring":true,"warm":3,"dur":30,"t0":1790413265027},"ua":"Mozilla/5.0 (Linux; Android 15; 2406APNFAG Build/AP3A.240905.015.A2; wv) AppleWebKit/537.36 (KHTML, like Gecko) Version/4.0 Chrome/153.0.8010.36 Mobile Safari/537.36","gpu":"Mali-G615 MC6","dpr":3.25,"pixelRatio":3.25,"canvas":[1218,2710],"modelBytes":18379740,"ms":{"jsStart":226,"fetch":74.5,"parse":303.4,"optimise":35.7,"compileAndFirstFrame":357.7,"pageToFirstFrame":1071.8,"nativeToFirstFrame":1197.1},"model":{"meshes":18,"triangles":37114,"morphTargets":98,"textures":0,"maxTexture":0,"springJoints":132,"expressions":14},"heapMB":68.9}
{"log":"first frame 1071.8 ms after navigation start"}
{"run":"native-1","phase":"fps","seconds":30,"frames":3583,"avgFps":119.4,"low1Fps":63.7,"frameMs":{"p50":8.3,"p95":8.4,"p99":8.5,"max":24.9},"over33ms":0,"over50ms":0,"drawCalls":27,"trianglesDrawn":52894,"gpuGeometries":18,"gpuTextures":37,"heapMB":68.9,"springJoints":132}
meminfo app:  EGL mtrack 12794 12794 0 0 12794 | GL mtrack 295156 295156 0 0 295156 | Native Heap: 35224 37612| Graphics: 307950 307950| TOTAL PSS: 418753 TOTAL RSS: 596214 TOTAL SWAP PSS: 106|
meminfo renderer PSS kB: 22626:320223
=== 2026-09-26 16:02:24 pr15-1 q=[pr=1.5&dur=30] amStartTotalTime=351ms battTemp=338->338 thermal=0
{"phase":"native","webViewCreateMs":117,"webViewPkg":"153.0.8010.36"}
{"run":"pr15-1","phase":"loaded","cfg":{"run":"pr15-1","model":"sample.vrm","prCap":1.5,"aa":true,"alpha":false,"opt":true,"spring":true,"warm":3,"dur":30,"t0":1790413306488},"ua":"Mozilla/5.0 (Linux; Android 15; 2406APNFAG Build/AP3A.240905.015.A2; wv) AppleWebKit/537.36 (KHTML, like Gecko) Version/4.0 Chrome/153.0.8010.36 Mobile Safari/537.36","gpu":"Mali-G615 MC6","dpr":3.25,"pixelRatio":1.5,"canvas":[562,1251],"modelBytes":18379740,"ms":{"jsStart":173.7,"fetch":109.2,"parse":300.5,"optimise":35.3,"compileAndFirstFrame":375,"pageToFirstFrame":1056.4,"nativeToFirstFrame":1176.3},"model":{"meshes":18,"triangles":37114,"morphTargets":98,"textures":0,"maxTexture":0,"springJoints":132,"expressions":14},"heapMB":64.8}
{"log":"first frame 1056.4 ms after navigation start"}
{"run":"pr15-1","phase":"fps","seconds":30,"frames":3584,"avgFps":119.4,"low1Fps":64.6,"frameMs":{"p50":8.3,"p95":8.4,"p99":8.5,"max":16.7},"over33ms":0,"over50ms":0,"drawCalls":27,"trianglesDrawn":52894,"gpuGeometries":18,"gpuTextures":37,"heapMB":64.8,"springJoints":132}
meminfo app:  EGL mtrack 12794 12794 0 0 12794 | GL mtrack 237068 237068 0 0 237068 | Native Heap: 34912 37324| Graphics: 249862 249862| TOTAL PSS: 357969 TOTAL RSS: 535542 TOTAL SWAP PSS: 116|
meminfo renderer PSS kB: 23049:287842
=== 2026-09-26 16:03:07 default-2 q=[pr=2&dur=30] amStartTotalTime=282ms battTemp=338->344 thermal=0
{"phase":"native","webViewCreateMs":77,"webViewPkg":"153.0.8010.36"}
{"run":"default-2","phase":"loaded","cfg":{"run":"default-2","model":"sample.vrm","prCap":2,"aa":true,"alpha":false,"opt":true,"spring":true,"warm":3,"dur":30,"t0":1790413348650},"ua":"Mozilla/5.0 (Linux; Android 15; 2406APNFAG Build/AP3A.240905.015.A2; wv) AppleWebKit/537.36 (KHTML, like Gecko) Version/4.0 Chrome/153.0.8010.36 Mobile Safari/537.36","gpu":"Mali-G615 MC6","dpr":3.25,"pixelRatio":2,"canvas":[750,1668],"modelBytes":18379740,"ms":{"jsStart":146.3,"fetch":86.2,"parse":320,"optimise":35,"compileAndFirstFrame":349,"pageToFirstFrame":1016.7,"nativeToFirstFrame":1096.7},"model":{"meshes":18,"triangles":37114,"morphTargets":98,"textures":0,"maxTexture":0,"springJoints":132,"expressions":14},"heapMB":68.9}
{"log":"first frame 1016.7 ms after navigation start"}
{"run":"default-2","phase":"fps","seconds":30,"frames":3570,"avgFps":119,"low1Fps":60.1,"frameMs":{"p50":8.3,"p95":8.4,"p99":16.6,"max":16.8},"over33ms":0,"over50ms":0,"drawCalls":27,"trianglesDrawn":52894,"gpuGeometries":18,"gpuTextures":37,"heapMB":68.9,"springJoints":132}
meminfo app:  EGL mtrack 12794 12794 0 0 12794 | GL mtrack 248448 248448 0 0 248448 | Native Heap: 35100 37512| Graphics: 261242 261242| TOTAL PSS: 369589 TOTAL RSS: 547242 TOTAL SWAP PSS: 116|
meminfo renderer PSS kB: 23376:319371
=== 2026-09-26 16:03:49 native-2 q=[pr=0&dur=30] amStartTotalTime=295ms battTemp=344->348 thermal=0
{"phase":"native","webViewCreateMs":77,"webViewPkg":"153.0.8010.36"}
{"run":"native-2","phase":"loaded","cfg":{"run":"native-2","model":"sample.vrm","prCap":0,"aa":true,"alpha":false,"opt":true,"spring":true,"warm":3,"dur":30,"t0":1790413390812},"ua":"Mozilla/5.0 (Linux; Android 15; 2406APNFAG Build/AP3A.240905.015.A2; wv) AppleWebKit/537.36 (KHTML, like Gecko) Version/4.0 Chrome/153.0.8010.36 Mobile Safari/537.36","gpu":"Mali-G615 MC6","dpr":3.25,"pixelRatio":3.25,"canvas":[1218,2710],"modelBytes":18379740,"ms":{"jsStart":146.3,"fetch":99,"parse":294.7,"optimise":36.8,"compileAndFirstFrame":367.4,"pageToFirstFrame":1019.5,"nativeToFirstFrame":1099.4},"model":{"meshes":18,"triangles":37114,"morphTargets":98,"textures":0,"maxTexture":0,"springJoints":132,"expressions":14},"heapMB":68.9}
{"log":"first frame 1019.5 ms after navigation start"}
{"run":"native-2","phase":"fps","seconds":30,"frames":3577,"avgFps":119.2,"low1Fps":59.5,"frameMs":{"p50":8.3,"p95":8.4,"p99":16.5,"max":24.9},"over33ms":0,"over50ms":0,"drawCalls":27,"trianglesDrawn":52894,"gpuGeometries":18,"gpuTextures":37,"heapMB":68.9,"springJoints":132}
meminfo app:  EGL mtrack 12794 12794 0 0 12794 | GL mtrack 295400 295400 0 0 295400 | Native Heap: 35252 37664| Graphics: 308194 308194| TOTAL PSS: 416560 TOTAL RSS: 593674 TOTAL SWAP PSS: 116|
meminfo renderer PSS kB: 23752:320814
=== 2026-09-26 16:04:30 pr15-2 q=[pr=1.5&dur=30] amStartTotalTime=320ms battTemp=348->350 thermal=0
{"phase":"native","webViewCreateMs":84,"webViewPkg":"153.0.8010.36"}
{"run":"pr15-2","phase":"loaded","cfg":{"run":"pr15-2","model":"sample.vrm","prCap":1.5,"aa":true,"alpha":false,"opt":true,"spring":true,"warm":3,"dur":30,"t0":1790413432649},"ua":"Mozilla/5.0 (Linux; Android 15; 2406APNFAG Build/AP3A.240905.015.A2; wv) AppleWebKit/537.36 (KHTML, like Gecko) Version/4.0 Chrome/153.0.8010.36 Mobile Safari/537.36","gpu":"Mali-G615 MC6","dpr":3.25,"pixelRatio":1.5,"canvas":[562,1251],"modelBytes":18379740,"ms":{"jsStart":162.5,"fetch":72.5,"parse":309,"optimise":33,"compileAndFirstFrame":386.4,"pageToFirstFrame":1034.3,"nativeToFirstFrame":1120.6},"model":{"meshes":18,"triangles":37114,"morphTargets":98,"textures":0,"maxTexture":0,"springJoints":132,"expressions":14},"heapMB":64.8}
{"log":"first frame 1034.3 ms after navigation start"}
{"run":"pr15-2","phase":"fps","seconds":30,"frames":3592,"avgFps":119.7,"low1Fps":72.1,"frameMs":{"p50":8.3,"p95":8.4,"p99":8.4,"max":16.7},"over33ms":0,"over50ms":0,"drawCalls":27,"trianglesDrawn":52894,"gpuGeometries":18,"gpuTextures":37,"heapMB":64.8,"springJoints":132}
meminfo app:  EGL mtrack 12794 12794 0 0 12794 | GL mtrack 236820 236820 0 0 236820 | Native Heap: 35092 37504| Graphics: 249614 249614| TOTAL PSS: 357678 TOTAL RSS: 534838 TOTAL SWAP PSS: 116|
meminfo renderer PSS kB: 24099:320194
=== 2026-09-26 16:05:10 default-3 q=[pr=2&dur=30] amStartTotalTime=340ms battTemp=350->352 thermal=0
{"phase":"native","webViewCreateMs":93,"webViewPkg":"153.0.8010.36"}
{"run":"default-3","phase":"loaded","cfg":{"run":"default-3","model":"sample.vrm","prCap":2,"aa":true,"alpha":false,"opt":true,"spring":true,"warm":3,"dur":30,"t0":1790413474469},"ua":"Mozilla/5.0 (Linux; Android 15; 2406APNFAG Build/AP3A.240905.015.A2; wv) AppleWebKit/537.36 (KHTML, like Gecko) Version/4.0 Chrome/153.0.8010.36 Mobile Safari/537.36","gpu":"Mali-G615 MC6","dpr":3.25,"pixelRatio":2,"canvas":[750,1668],"modelBytes":18379740,"ms":{"jsStart":202.4,"fetch":91.6,"parse":324.6,"optimise":33.8,"compileAndFirstFrame":373.9,"pageToFirstFrame":1089.1,"nativeToFirstFrame":1185.1},"model":{"meshes":18,"triangles":37114,"morphTargets":98,"textures":0,"maxTexture":0,"springJoints":132,"expressions":14},"heapMB":64.8}
{"log":"first frame 1089.1 ms after navigation start"}
{"run":"default-3","phase":"fps","seconds":30,"frames":3573,"avgFps":119.1,"low1Fps":59.4,"frameMs":{"p50":8.3,"p95":8.4,"p99":16.5,"max":24.9},"over33ms":0,"over50ms":0,"drawCalls":27,"trianglesDrawn":52894,"gpuGeometries":18,"gpuTextures":37,"heapMB":64.8,"springJoints":132}
meminfo app:  EGL mtrack 12794 12794 0 0 12794 | GL mtrack 253448 253448 0 0 253448 | Native Heap: 35204 37612| Graphics: 266242 266242| TOTAL PSS: 374778 TOTAL RSS: 551874 TOTAL SWAP PSS: 116|
meminfo renderer PSS kB: 24435:287259
=== 2026-09-26 16:05:52 native-3 q=[pr=0&dur=30] amStartTotalTime=311ms battTemp=352->353 thermal=0
{"phase":"native","webViewCreateMs":91,"webViewPkg":"153.0.8010.36"}
{"run":"native-3","phase":"loaded","cfg":{"run":"native-3","model":"sample.vrm","prCap":0,"aa":true,"alpha":false,"opt":true,"spring":true,"warm":3,"dur":30,"t0":1790413515192},"ua":"Mozilla/5.0 (Linux; Android 15; 2406APNFAG Build/AP3A.240905.015.A2; wv) AppleWebKit/537.36 (KHTML, like Gecko) Version/4.0 Chrome/153.0.8010.36 Mobile Safari/537.36","gpu":"Mali-G615 MC6","dpr":3.25,"pixelRatio":3.25,"canvas":[1218,2710],"modelBytes":18379740,"ms":{"jsStart":157.4,"fetch":96.4,"parse":320,"optimise":32.6,"compileAndFirstFrame":364.5,"pageToFirstFrame":1039.5,"nativeToFirstFrame":1133.2},"model":{"meshes":18,"triangles":37114,"morphTargets":98,"textures":0,"maxTexture":0,"springJoints":132,"expressions":14},"heapMB":64.8}
{"log":"first frame 1039.5 ms after navigation start"}
{"run":"native-3","phase":"fps","seconds":30,"frames":3575,"avgFps":119.2,"low1Fps":60.2,"frameMs":{"p50":8.3,"p95":8.4,"p99":16.5,"max":16.8},"over33ms":0,"over50ms":0,"drawCalls":27,"trianglesDrawn":52894,"gpuGeometries":18,"gpuTextures":37,"heapMB":64.8,"springJoints":132}
meminfo app:  EGL mtrack 12794 12794 0 0 12794 | GL mtrack 295148 295148 0 0 295148 | Native Heap: 35092 37508| Graphics: 307942 307942| TOTAL PSS: 416553 TOTAL RSS: 593758 TOTAL SWAP PSS: 116|
meminfo renderer PSS kB: 24935:287720
=== 2026-09-26 16:06:33 pr15-3 q=[pr=1.5&dur=30] amStartTotalTime=321ms battTemp=353->358 thermal=0
{"phase":"native","webViewCreateMs":85,"webViewPkg":"153.0.8010.36"}
{"run":"pr15-3","phase":"loaded","cfg":{"run":"pr15-3","model":"sample.vrm","prCap":1.5,"aa":true,"alpha":false,"opt":true,"spring":true,"warm":3,"dur":30,"t0":1790413557532},"ua":"Mozilla/5.0 (Linux; Android 15; 2406APNFAG Build/AP3A.240905.015.A2; wv) AppleWebKit/537.36 (KHTML, like Gecko) Version/4.0 Chrome/153.0.8010.36 Mobile Safari/537.36","gpu":"Mali-G615 MC6","dpr":3.25,"pixelRatio":1.5,"canvas":[562,1251],"modelBytes":18379740,"ms":{"jsStart":175.3,"fetch":84.6,"parse":288.2,"optimise":34.1,"compileAndFirstFrame":366.4,"pageToFirstFrame":1015.5,"nativeToFirstFrame":1103.3},"model":{"meshes":18,"triangles":37114,"morphTargets":98,"textures":0,"maxTexture":0,"springJoints":132,"expressions":14},"heapMB":64.8}
{"log":"first frame 1015.5 ms after navigation start"}
{"run":"pr15-3","phase":"fps","seconds":30,"frames":3575,"avgFps":119.1,"low1Fps":59.5,"frameMs":{"p50":8.3,"p95":8.4,"p99":16.5,"max":24.9},"over33ms":0,"over50ms":0,"drawCalls":27,"trianglesDrawn":52894,"gpuGeometries":18,"gpuTextures":37,"heapMB":64.8,"springJoints":132}
meminfo app:  EGL mtrack 12794 12794 0 0 12794 | GL mtrack 241696 241696 0 0 241696 | Native Heap: 34996 37404| Graphics: 254490 254490| TOTAL PSS: 349989 TOTAL RSS: 540042 TOTAL SWAP PSS: 116|
meminfo renderer PSS kB: 25401:274417 25857:41149 26045:
=== 2026-09-26 16:09:42 long q=[pr=2&dur=180] amStartTotalTime=281ms battTemp=360->371 thermal=0
{"run":"long","phase":"fps","seconds":180,"frames":21483,"avgFps":119.3,"low1Fps":60.7,"frameMs":{"p50":8.3,"p95":8.4,"p99":8.5,"max":24.9},"over33ms":0,"over50ms":0,"drawCalls":27,"trianglesDrawn":52894,"gpuGeometries":18,"gpuTextures":37,"heapMB":64.8,"springJoints":132}
meminfo app:  EGL mtrack 12794 12794 0 0 12794 | GL mtrack 253704 253704 0 0 253704 | Native Heap: 35116 37520| Graphics: 266498 266498| TOTAL PSS: 370672 TOTAL RSS: 558430 TOTAL SWAP PSS: 115|
meminfo renderer PSS kB: 26318:271716
